../Drivers/CMSIS/Include/core_cm4.h:1672:26:__NVIC_GetPriorityGrouping	4	static
../Drivers/CMSIS/Include/core_cm4.h:1684:22:__NVIC_EnableIRQ	16	static,ignoring_inline_asm
../Drivers/CMSIS/Include/core_cm4.h:1814:22:__NVIC_SetPriority	16	static
../Drivers/CMSIS/Include/core_cm4.h:1861:26:NVIC_EncodePriority	40	static
../Drivers/STM32F4xx_HAL_Driver/Inc/stm32f4xx_ll_usart.h:410:22:LL_USART_Enable	16	static
../Drivers/STM32F4xx_HAL_Driver/Inc/stm32f4xx_ll_usart.h:1479:22:LL_USART_ConfigAsyncMode	16	static
../Drivers/STM32F4xx_HAL_Driver/Inc/stm32f4xx_ll_bus.h:409:22:LL_AHB1_GRP1_EnableClock	24	static
../Drivers/STM32F4xx_HAL_Driver/Inc/stm32f4xx_ll_bus.h:1185:22:LL_APB1_GRP1_EnableClock	24	static
../Core/Src/main.c:110:5:main	24	static
../Core/Src/main.c:188:6:SystemClock_Config	88	static
../Core/Src/main.c:234:13:MX_SPI1_Init	8	static
../Core/Src/main.c:272:13:MX_TIM3_Init	48	static
../Core/Src/main.c:325:13:MX_TIM4_Init	48	static
../Core/Src/main.c:374:13:MX_TIM5_Init	48	static
../Core/Src/main.c:422:13:MX_TIM6_Init	16	static
../Core/Src/main.c:460:13:MX_TIM7_Init	16	static
../Core/Src/main.c:498:13:MX_TIM8_Init	80	static
../Core/Src/main.c:567:13:MX_UART4_Init	64	static
../Core/Src/main.c:622:13:MX_UART5_Init	64	static
../Core/Src/main.c:686:13:MX_USART2_UART_Init	64	static
../Core/Src/main.c:741:13:MX_GPIO_Init	48	static
../Core/Src/main.c:776:6:Error_Handler	4	static,ignoring_inline_asm
